/* -------------------- HASHES -------------------- */
SELECT HSET('h1', 'f1', 'Hello');
 hset 
------
 
(1 row)

SELECT HSET('h1', 'f2', 'World');
 hset 
------
 
(1 row)

SELECT HGET('h1', 'f1'); -- Hello
 hget  
-------
 Hello
(1 row)

SELECT HGET('h1', 'f2'); -- World
 hget  
-------
 World
(1 row)

SELECT HGET('h1', 'f3'); -- NULL
 hget 
------
 
(1 row)

SELECT HGET('h2', 'f1'); -- NULL - no previous HSET('h2')
 hget 
------
 
(1 row)

SELECT DEL('h1'); -- t
 del 
-----
 t
(1 row)

SELECT DEL('h2'); -- f not exists
 del 
-----
 f
(1 row)

