-- TTL
SELECT SPSET('expkey1', 'expvalue1', ttl=> '1 second');
   spset   
-----------
 expvalue1
(1 row)

SELECT TTL('expkey1') < '1 second' ;
 ?column? 
----------
 t
(1 row)

