select spval_example();
   spval_example    
--------------------
 Hello, PostgreSQL!
(1 row)

